../Core/Src/main.c:145:10:ADC_GetAverageValue	104	static
../Core/Src/main.c:249:6:ignitionTask	8	static
../Core/Src/main.c:274:6:timeCheck	24	static
../Core/Src/main.c:289:6:map	24	static
../Core/Src/main.c:294:6:constrain	24	static
../Core/Src/main.c:310:6:primaryPotErrorCheck	8	static
../Core/Src/main.c:325:6:secondaryPotErrorCheck	8	static
../Core/Src/main.c:340:6:brakeSensorErrorCheck	8	static
../Core/Src/main.c:357:6:torqueControl	24	static
../Core/Src/main.c:402:6:HAL_TIM_OC_DelayElapsedCallback	16	static
../Core/Src/main.c:421:5:main	184	static
../Core/Src/main.c:537:6:SystemClock_Config	88	static
../Core/Src/main.c:585:13:MX_ADC1_Init	24	static
../Core/Src/main.c:637:13:MX_ADC2_Init	24	static
../Core/Src/main.c:689:13:MX_ADC3_Init	24	static
../Core/Src/main.c:741:13:MX_CAN1_Init	8	static
../Core/Src/main.c:786:13:MX_TIM2_Init	64	static
../Core/Src/main.c:844:13:MX_TIM8_Init	96	static
../Core/Src/main.c:923:13:MX_GPIO_Init	48	static
../Core/Src/main.c:982:6:StartDefaultTask	24	static
../Core/Src/main.c:1033:6:StartTask02	24	static
../Core/Src/main.c:1059:6:StartTask04	24	static
../Core/Src/main.c:1091:6:StartTask05	24	static
../Core/Src/main.c:1147:6:StartTask06	16	static
../Core/Src/main.c:1166:6:HAL_TIM_PeriodElapsedCallback	16	static
../Core/Src/main.c:1183:6:Error_Handler	4	static,ignoring_inline_asm
