../Core/Src/main.c:145:10:ADC_GetAverageValue	104	static
../Core/Src/main.c:249:6:ignitionTask	8	static
../Core/Src/main.c:274:6:timeCheck	24	static
../Core/Src/main.c:289:6:map	24	static
../Core/Src/main.c:294:6:constrain	24	static
../Core/Src/main.c:310:6:primaryPotErrorCheck	8	static
../Core/Src/main.c:325:6:secondaryPotErrorCheck	8	static
../Core/Src/main.c:340:6:brakeSensorErrorCheck	8	static
../Core/Src/main.c:357:6:torqueControl	24	static
../Core/Src/main.c:404:6:HAL_TIM_OC_DelayElapsedCallback	16	static
../Core/Src/main.c:423:5:main	184	static
../Core/Src/main.c:539:6:SystemClock_Config	88	static
../Core/Src/main.c:587:13:MX_ADC1_Init	24	static
../Core/Src/main.c:639:13:MX_ADC2_Init	24	static
../Core/Src/main.c:691:13:MX_ADC3_Init	24	static
../Core/Src/main.c:743:13:MX_CAN1_Init	8	static
../Core/Src/main.c:788:13:MX_TIM2_Init	64	static
../Core/Src/main.c:846:13:MX_TIM8_Init	96	static
../Core/Src/main.c:925:13:MX_GPIO_Init	48	static
../Core/Src/main.c:984:6:StartDefaultTask	24	static
../Core/Src/main.c:1035:6:StartTask02	24	static
../Core/Src/main.c:1061:6:StartTask04	24	static
../Core/Src/main.c:1093:6:StartTask05	24	static
../Core/Src/main.c:1149:6:StartTask06	16	static
../Core/Src/main.c:1168:6:HAL_TIM_PeriodElapsedCallback	16	static
../Core/Src/main.c:1185:6:Error_Handler	4	static,ignoring_inline_asm
